R2: START CYCLE
MAIN LIST: 
R2: START MAIN QUEUE CHECK
R2: START CYCLE
MAIN LIST: 
R2: START MAIN QUEUE CHECK
R2: START CYCLE
MAIN LIST: 
R2: START MAIN QUEUE CHECK
R2: START CYCLE
MAIN LIST: 
R2: START MAIN QUEUE CHECK
R2: START CYCLE
MAIN LIST: 
R2: START MAIN QUEUE CHECK
R2: START CYCLE
MAIN LIST: 
R2: START MAIN QUEUE CHECK
R2: START CYCLE
MAIN LIST: 
R2: START MAIN QUEUE CHECK
R2: START CYCLE
MAIN LIST: 
R2: START MAIN QUEUE CHECK
R2: Stopping Processing Cycle, changing to awaiting
R2: Cycle stopped and thread finished
R2: Cycle fully stopped and thread Finished
