R1: START CYCLE
R1: NEXT PART IS: 3007260001 DIST: 0
COORDINATOR LLEGO READY PART ID: 3007260001 PROGRAM_ID: 001 
                CURR: A1
                START: A1 
                END: ANone
R1: START CYCLE
R1: NEXT PART IS: 3007260002 DIST: 0
COORDINATOR LLEGO READY PART ID: 3007260002 PROGRAM_ID: 001 
                CURR: A2
                START: A2 
                END: ANone
R1: START CYCLE
R1: NEXT PART IS: 3007260003 DIST: 0
COORDINATOR LLEGO READY PART ID: 3007260003 PROGRAM_ID: 001 
                CURR: A3
                START: A3 
                END: ANone
R1: START CYCLE
R1: NEXT PART IS: 3007260004 DIST: 0
COORDINATOR LLEGO READY PART ID: 3007260004 PROGRAM_ID: 001 
                CURR: A4
                START: A4 
                END: ANone
R1: START CYCLE
R1: NEXT PART IS: 3007260005 DIST: 0
COORDINATOR LLEGO READY PART ID: 3007260005 PROGRAM_ID: 001 
                CURR: A5
                START: A5 
                END: ANone
R1: START CYCLE
R1: NEXT PART IS: 3007260006 DIST: 0
COORDINATOR LLEGO READY PART ID: 3007260006 PROGRAM_ID: 001 
                CURR: A6
                START: A6 
                END: ANone
R1: START CYCLE
R1: NEXT PART IS: 3007260007 DIST: 0
COORDINATOR LLEGO READY PART ID: 3007260007 PROGRAM_ID: 001 
                CURR: A7
                START: A7 
                END: ANone
R1: START CYCLE
R1: NEXT PART IS: 3007260001 DIST: 23
R1: ENTRO UNA PIEZA EN WAITING OR OVERDUE
COORDINATOR AFTER PASS ID: 3007260001 PROGRAM_ID: 001 
                CURR: A1
                START: A1 
                END: A1
QUEUE BEFORE PASS ID: 3007260001 PROGRAM_ID: 001 
        CURR: A1
        START: A1 
        END: A1
R1: PART IS PASSING
QUEUE AFTER PASS ID: 3007260001 PROGRAM_ID: 081 
        CURR: A1
        START: A1 
        END: BNone
COORDINATOR AFTER PASS ID: 3007260001 PROGRAM_ID: 081 
                CURR: A1
                START: A1 
                END: BNone
R1: START CYCLE
R1: NEXT PART IS: 3007260002 DIST: 0
R1: ENTRO UNA PIEZA EN WAITING OR OVERDUE
COORDINATOR AFTER PASS ID: 3007260002 PROGRAM_ID: 001 
                CURR: A2
                START: A2 
                END: A2
QUEUE BEFORE PASS ID: 3007260002 PROGRAM_ID: 001 
        CURR: A2
        START: A2 
        END: A2
R1: PART IS PASSING
QUEUE AFTER PASS ID: 3007260002 PROGRAM_ID: 081 
        CURR: A2
        START: A2 
        END: BNone
COORDINATOR AFTER PASS ID: 3007260002 PROGRAM_ID: 081 
                CURR: A2
                START: A2 
                END: BNone
R1: START CYCLE
R1: NEXT PART IS: 3007260003 DIST: 0
R1: ENTRO UNA PIEZA EN WAITING OR OVERDUE
COORDINATOR AFTER PASS ID: 3007260003 PROGRAM_ID: 001 
                CURR: A3
                START: A3 
                END: A3
QUEUE BEFORE PASS ID: 3007260003 PROGRAM_ID: 001 
        CURR: A3
        START: A3 
        END: A3
R1: PART IS PASSING
QUEUE AFTER PASS ID: 3007260003 PROGRAM_ID: 081 
        CURR: A3
        START: A3 
        END: BNone
COORDINATOR AFTER PASS ID: 3007260003 PROGRAM_ID: 081 
                CURR: A3
                START: A3 
                END: BNone
R1: START CYCLE
R1: NEXT PART IS: 3007260004 DIST: 0
R1: ENTRO UNA PIEZA EN WAITING OR OVERDUE
COORDINATOR AFTER PASS ID: 3007260004 PROGRAM_ID: 001 
                CURR: A4
                START: A4 
                END: A4
QUEUE BEFORE PASS ID: 3007260004 PROGRAM_ID: 001 
        CURR: A4
        START: A4 
        END: A4
R1: PART IS PASSING
QUEUE AFTER PASS ID: 3007260004 PROGRAM_ID: 081 
        CURR: A4
        START: A4 
        END: BNone
COORDINATOR AFTER PASS ID: 3007260004 PROGRAM_ID: 081 
                CURR: A4
                START: A4 
                END: BNone
R1: START CYCLE
R1: NEXT PART IS: 3007260005 DIST: 0
R1: ENTRO UNA PIEZA EN WAITING OR OVERDUE
COORDINATOR AFTER PASS ID: 3007260005 PROGRAM_ID: 001 
                CURR: A5
                START: A5 
                END: A5
QUEUE BEFORE PASS ID: 3007260005 PROGRAM_ID: 001 
        CURR: A5
        START: A5 
        END: A5
R1: PART IS PASSING
QUEUE AFTER PASS ID: 3007260005 PROGRAM_ID: 081 
        CURR: A5
        START: A5 
        END: BNone
COORDINATOR AFTER PASS ID: 3007260005 PROGRAM_ID: 081 
                CURR: A5
                START: A5 
                END: BNone
R1: START CYCLE
R1: NEXT PART IS: 3007260006 DIST: 0
R1: ENTRO UNA PIEZA EN WAITING OR OVERDUE
COORDINATOR AFTER PASS ID: 3007260006 PROGRAM_ID: 001 
                CURR: A6
                START: A6 
                END: A6
QUEUE BEFORE PASS ID: 3007260006 PROGRAM_ID: 001 
        CURR: A6
        START: A6 
        END: A6
R1: PART IS PASSING
QUEUE AFTER PASS ID: 3007260006 PROGRAM_ID: 081 
        CURR: A6
        START: A6 
        END: BNone
COORDINATOR AFTER PASS ID: 3007260006 PROGRAM_ID: 081 
                CURR: A6
                START: A6 
                END: BNone
R1: START CYCLE
R1: NEXT PART IS: 3007260007 DIST: 0
R1: ENTRO UNA PIEZA EN WAITING OR OVERDUE
COORDINATOR AFTER PASS ID: 3007260007 PROGRAM_ID: 001 
                CURR: A7
                START: A7 
                END: A7
QUEUE BEFORE PASS ID: 3007260007 PROGRAM_ID: 001 
        CURR: A7
        START: A7 
        END: A7
R1: PART IS PASSING
QUEUE AFTER PASS ID: 3007260007 PROGRAM_ID: 081 
        CURR: A7
        START: A7 
        END: BNone
COORDINATOR AFTER PASS ID: 3007260007 PROGRAM_ID: 081 
                CURR: A7
                START: A7 
                END: BNone
R1: START CYCLE
R1: NEXT PART IS: 3007260008 DIST: 0
COORDINATOR LLEGO READY PART ID: 3007260008 PROGRAM_ID: 001 
                CURR: A8
                START: A8 
                END: ANone
R1: START CYCLE
R1: NEXT PART IS: 3007260009 DIST: 0
COORDINATOR LLEGO READY PART ID: 3007260009 PROGRAM_ID: 001 
                CURR: A9
                START: A9 
                END: ANone
R1: START CYCLE
R1: NEXT PART IS: 3007260010 DIST: 0
COORDINATOR LLEGO READY PART ID: 3007260010 PROGRAM_ID: 001 
                CURR: A10
                START: A10 
                END: ANone
R1: START CYCLE
R1: NEXT PART IS: 3007260011 DIST: 0
COORDINATOR LLEGO READY PART ID: 3007260011 PROGRAM_ID: 001 
                CURR: A11
                START: A11 
                END: ANone
R1: START CYCLE
R1: NEXT PART IS: 3007260012 DIST: 0
COORDINATOR LLEGO READY PART ID: 3007260012 PROGRAM_ID: 001 
                CURR: A12
                START: A12 
                END: ANone
R1: START CYCLE
R1: NEXT PART IS: 3007260013 DIST: 0
COORDINATOR LLEGO READY PART ID: 3007260013 PROGRAM_ID: 001 
                CURR: A13
                START: A13 
                END: ANone
R1: START CYCLE
R1: NEXT PART IS: 3007260008 DIST: 24
R1: ENTRO UNA PIEZA EN WAITING OR OVERDUE
COORDINATOR AFTER PASS ID: 3007260008 PROGRAM_ID: 001 
                CURR: A8
                START: A8 
                END: A8
QUEUE BEFORE PASS ID: 3007260008 PROGRAM_ID: 001 
        CURR: A8
        START: A8 
        END: A8
R1: PART IS PASSING
QUEUE AFTER PASS ID: 3007260008 PROGRAM_ID: 081 
        CURR: A8
        START: A8 
        END: BNone
COORDINATOR AFTER PASS ID: 3007260008 PROGRAM_ID: 081 
                CURR: A8
                START: A8 
                END: BNone
R1: START CYCLE
R1: NEXT PART IS: 3007260009 DIST: 0
R1: ENTRO UNA PIEZA EN WAITING OR OVERDUE
COORDINATOR AFTER PASS ID: 3007260009 PROGRAM_ID: 001 
                CURR: A9
                START: A9 
                END: A9
QUEUE BEFORE PASS ID: 3007260009 PROGRAM_ID: 001 
        CURR: A9
        START: A9 
        END: A9
R1: PART IS PASSING
QUEUE AFTER PASS ID: 3007260009 PROGRAM_ID: 081 
        CURR: A9
        START: A9 
        END: BNone
COORDINATOR AFTER PASS ID: 3007260009 PROGRAM_ID: 081 
                CURR: A9
                START: A9 
                END: BNone
R1: START CYCLE
R1: NEXT PART IS: 3007260010 DIST: 0
R1: ENTRO UNA PIEZA EN WAITING OR OVERDUE
COORDINATOR AFTER PASS ID: 3007260010 PROGRAM_ID: 001 
                CURR: A10
                START: A10 
                END: A10
QUEUE BEFORE PASS ID: 3007260010 PROGRAM_ID: 001 
        CURR: A10
        START: A10 
        END: A10
R1: PART IS PASSING
QUEUE AFTER PASS ID: 3007260010 PROGRAM_ID: 081 
        CURR: A10
        START: A10 
        END: BNone
COORDINATOR AFTER PASS ID: 3007260010 PROGRAM_ID: 081 
                CURR: A10
                START: A10 
                END: BNone
R1: START CYCLE
R1: NEXT PART IS: 3007260011 DIST: 0
R1: ENTRO UNA PIEZA EN WAITING OR OVERDUE
COORDINATOR AFTER PASS ID: 3007260011 PROGRAM_ID: 001 
                CURR: A11
                START: A11 
                END: A11
QUEUE BEFORE PASS ID: 3007260011 PROGRAM_ID: 001 
        CURR: A11
        START: A11 
        END: A11
R1: PART IS PASSING
QUEUE AFTER PASS ID: 3007260011 PROGRAM_ID: 081 
        CURR: A11
        START: A11 
        END: BNone
COORDINATOR AFTER PASS ID: 3007260011 PROGRAM_ID: 081 
                CURR: A11
                START: A11 
                END: BNone
R1: START CYCLE
R1: NEXT PART IS: 3007260012 DIST: 0
R1: ENTRO UNA PIEZA EN WAITING OR OVERDUE
COORDINATOR AFTER PASS ID: 3007260012 PROGRAM_ID: 001 
                CURR: A12
                START: A12 
                END: A12
QUEUE BEFORE PASS ID: 3007260012 PROGRAM_ID: 001 
        CURR: A12
        START: A12 
        END: A12
R1: PART IS PASSING
QUEUE AFTER PASS ID: 3007260012 PROGRAM_ID: 081 
        CURR: A12
        START: A12 
        END: BNone
COORDINATOR AFTER PASS ID: 3007260012 PROGRAM_ID: 081 
                CURR: A12
                START: A12 
                END: BNone
R1: START CYCLE
R1: NEXT PART IS: 3007260013 DIST: 0
R1: ENTRO UNA PIEZA EN WAITING OR OVERDUE
COORDINATOR AFTER PASS ID: 3007260013 PROGRAM_ID: 001 
                CURR: A13
                START: A13 
                END: A13
QUEUE BEFORE PASS ID: 3007260013 PROGRAM_ID: 001 
        CURR: A13
        START: A13 
        END: A13
R1: PART IS PASSING
QUEUE AFTER PASS ID: 3007260013 PROGRAM_ID: 081 
        CURR: A13
        START: A13 
        END: BNone
COORDINATOR AFTER PASS ID: 3007260013 PROGRAM_ID: 081 
                CURR: A13
                START: A13 
                END: BNone
R1: Stopping Processing Cycle, changing to awaiting
R1: START CYCLE
R1: NEXT PART IS: 3007260014 DIST: 0
COORDINATOR LLEGO READY PART ID: 3007260014 PROGRAM_ID: 001 
                CURR: A14
                START: A14 
                END: ANone
R1: START CYCLE
R1: NEXT PART IS: 3007260015 DIST: 0
COORDINATOR LLEGO READY PART ID: 3007260015 PROGRAM_ID: 001 
                CURR: A15
                START: A15 
                END: ANone
R1: START CYCLE
R1: NEXT PART IS: 3007260016 DIST: 0
COORDINATOR LLEGO READY PART ID: 3007260016 PROGRAM_ID: 001 
                CURR: A16
                START: A16 
                END: ANone
R1: START CYCLE
R1: NEXT PART IS: 3007260017 DIST: 0
COORDINATOR LLEGO READY PART ID: 3007260017 PROGRAM_ID: 001 
                CURR: A17
                START: A17 
                END: ANone
R1: START CYCLE
R1: NEXT PART IS: 3007260018 DIST: 0
COORDINATOR LLEGO READY PART ID: 3007260018 PROGRAM_ID: 001 
                CURR: A18
                START: A18 
                END: ANone
R1: START CYCLE
R1: NEXT PART IS: 3007260019 DIST: 0
COORDINATOR LLEGO READY PART ID: 3007260019 PROGRAM_ID: 001 
                CURR: A19
                START: A19 
                END: ANone
R1: START CYCLE
R1: NEXT PART IS: 3007260020 DIST: 0
COORDINATOR LLEGO READY PART ID: 3007260020 PROGRAM_ID: 001 
                CURR: A20
                START: A20 
                END: ANone
R1: START CYCLE
R1: NEXT PART IS: 3007260021 DIST: 0
COORDINATOR LLEGO READY PART ID: 3007260021 PROGRAM_ID: 001 
                CURR: A21
                START: A21 
                END: ANone
R1: START CYCLE
R1: NEXT PART IS: 3007260022 DIST: 0
COORDINATOR LLEGO READY PART ID: 3007260022 PROGRAM_ID: 001 
                CURR: A22
                START: A22 
                END: ANone
R1: START CYCLE
R1: NEXT PART IS: 3007260023 DIST: 0
COORDINATOR LLEGO READY PART ID: 3007260023 PROGRAM_ID: 001 
                CURR: A23
                START: A23 
                END: ANone
R1: START CYCLE
R1: NEXT PART IS: 3007260024 DIST: 0
COORDINATOR LLEGO READY PART ID: 3007260024 PROGRAM_ID: 001 
                CURR: A24
                START: A24 
                END: ANone
R1: START CYCLE
R1: NEXT PART IS: 3007260025 DIST: 0
COORDINATOR LLEGO READY PART ID: 3007260025 PROGRAM_ID: 001 
                CURR: A25
                START: A25 
                END: ANone
R1: START CYCLE
R1: NEXT PART IS: 3007260026 DIST: 0
COORDINATOR LLEGO READY PART ID: 3007260026 PROGRAM_ID: 001 
                CURR: A26
                START: A26 
                END: ANone
R1: START CYCLE
R1: NEXT PART IS: 3007260027 DIST: 0
COORDINATOR LLEGO READY PART ID: 3007260027 PROGRAM_ID: 001 
                CURR: A27
                START: A27 
                END: ANone
R1: START CYCLE
R1: NEXT PART IS: 3007260028 DIST: 0
COORDINATOR LLEGO READY PART ID: 3007260028 PROGRAM_ID: 001 
                CURR: A28
                START: A28 
                END: ANone
R1: START CYCLE
R1: NEXT PART IS: 3007260029 DIST: 0
COORDINATOR LLEGO READY PART ID: 3007260029 PROGRAM_ID: 001 
                CURR: A29
                START: A29 
                END: ANone
R1: START CYCLE
R1: NEXT PART IS: 3007260030 DIST: 0
COORDINATOR LLEGO READY PART ID: 3007260030 PROGRAM_ID: 001 
                CURR: A30
                START: A30 
                END: ANone
R1: START CYCLE
R1: NEXT PART IS: 3007260031 DIST: 0
COORDINATOR LLEGO READY PART ID: 3007260031 PROGRAM_ID: 001 
                CURR: A1
                START: A1 
                END: ANone
R1: START CYCLE
R1: NEXT PART IS: 3007260032 DIST: 0
COORDINATOR LLEGO READY PART ID: 3007260032 PROGRAM_ID: 001 
                CURR: A2
                START: A2 
                END: ANone
R1: START CYCLE
R1: NEXT PART IS: 3007260033 DIST: 0
COORDINATOR LLEGO READY PART ID: 3007260033 PROGRAM_ID: 001 
                CURR: A3
                START: A3 
                END: ANone
R1: START CYCLE
R1: NEXT PART IS: 3007260034 DIST: 0
COORDINATOR LLEGO READY PART ID: 3007260034 PROGRAM_ID: 001 
                CURR: A4
                START: A4 
                END: ANone
R1: START CYCLE
R1: NEXT PART IS: 3007260035 DIST: 0
COORDINATOR LLEGO READY PART ID: 3007260035 PROGRAM_ID: 001 
                CURR: A5
                START: A5 
                END: ANone
R1: START CYCLE
R1: NEXT PART IS: 3007260036 DIST: 0
COORDINATOR LLEGO READY PART ID: 3007260036 PROGRAM_ID: 001 
                CURR: A6
                START: A6 
                END: ANone
R1: START CYCLE
R1: NEXT PART IS: 3007260037 DIST: 0
COORDINATOR LLEGO READY PART ID: 3007260037 PROGRAM_ID: 001 
                CURR: A7
                START: A7 
                END: ANone
R1: START CYCLE
R1: NEXT PART IS: 3007260038 DIST: 0
COORDINATOR LLEGO READY PART ID: 3007260038 PROGRAM_ID: 001 
                CURR: A8
                START: A8 
                END: ANone
R1: START CYCLE
R1: NEXT PART IS: 3007260039 DIST: 0
COORDINATOR LLEGO READY PART ID: 3007260039 PROGRAM_ID: 001 
                CURR: A9
                START: A9 
                END: ANone
R1: START CYCLE
R1: NEXT PART IS: 3007260040 DIST: 0
COORDINATOR LLEGO READY PART ID: 3007260040 PROGRAM_ID: 001 
                CURR: A10
                START: A10 
                END: ANone
R1: START CYCLE
R1: NEXT PART IS: 3007260041 DIST: 0
COORDINATOR LLEGO READY PART ID: 3007260041 PROGRAM_ID: 001 
                CURR: A11
                START: A11 
                END: ANone
R1: START CYCLE
R1: NEXT PART IS: 3007260042 DIST: 0
COORDINATOR LLEGO READY PART ID: 3007260042 PROGRAM_ID: 001 
                CURR: A12
                START: A12 
                END: ANone
R1: START CYCLE
R1: NEXT PART IS: 3007260043 DIST: 0
COORDINATOR LLEGO READY PART ID: 3007260043 PROGRAM_ID: 001 
                CURR: A13
                START: A13 
                END: ANone
R1: START CYCLE
R1: START CYCLE
R1: START CYCLE
R1: START CYCLE
R1: START CYCLE
R1: START CYCLE
R1: START CYCLE
R1: START CYCLE
R1: START CYCLE
R1: START CYCLE
R1: START CYCLE
R1: START CYCLE
R1: START CYCLE
R1: START CYCLE
R1: START CYCLE
R1: START CYCLE
R1: START CYCLE
R1: START CYCLE
R1: START CYCLE
R1: START CYCLE
R1: START CYCLE
R1: START CYCLE
R1: START CYCLE
R1: START CYCLE
R1: START CYCLE
R1: START CYCLE
R1: START CYCLE
R1: START CYCLE
R1: START CYCLE
R1: START CYCLE
R1: START CYCLE
R1: START CYCLE
R1: START CYCLE
R1: START CYCLE
R1: START CYCLE
R1: START CYCLE
R1: START CYCLE
R1: START CYCLE
R1: START CYCLE
R1: START CYCLE
R1: START CYCLE
R1: START CYCLE
R1: START CYCLE
R1: START CYCLE
R1: START CYCLE
R1: START CYCLE
R1: START CYCLE
R1: START CYCLE
R1: START CYCLE
R1: START CYCLE
R1: START CYCLE
R1: START CYCLE
R1: START CYCLE
R1: Stopping Processing Cycle, changing to awaiting
R1: START CYCLE
R1: NEXT PART IS: 3007260014 DIST: 0
R1: ENTRO UNA PIEZA EN WAITING OR OVERDUE
COORDINATOR AFTER PASS ID: 3007260014 PROGRAM_ID: 001 
                CURR: A14
                START: A14 
                END: A14
QUEUE BEFORE PASS ID: 3007260014 PROGRAM_ID: 001 
        CURR: A14
        START: A14 
        END: A14
R1: PART IS PASSING
QUEUE AFTER PASS ID: 3007260014 PROGRAM_ID: 081 
        CURR: A14
        START: A14 
        END: BNone
COORDINATOR AFTER PASS ID: 3007260014 PROGRAM_ID: 081 
                CURR: A14
                START: A14 
                END: BNone
R1: START CYCLE
R1: NEXT PART IS: 3007260015 DIST: 0
R1: ENTRO UNA PIEZA EN WAITING OR OVERDUE
COORDINATOR AFTER PASS ID: 3007260015 PROGRAM_ID: 001 
                CURR: A15
                START: A15 
                END: A15
QUEUE BEFORE PASS ID: 3007260015 PROGRAM_ID: 001 
        CURR: A15
        START: A15 
        END: A15
R1: PART IS PASSING
QUEUE AFTER PASS ID: 3007260015 PROGRAM_ID: 081 
        CURR: A15
        START: A15 
        END: BNone
COORDINATOR AFTER PASS ID: 3007260015 PROGRAM_ID: 081 
                CURR: A15
                START: A15 
                END: BNone
R1: START CYCLE
R1: NEXT PART IS: 3007260016 DIST: 0
R1: ENTRO UNA PIEZA EN WAITING OR OVERDUE
COORDINATOR AFTER PASS ID: 3007260016 PROGRAM_ID: 001 
                CURR: A16
                START: A16 
                END: A16
QUEUE BEFORE PASS ID: 3007260016 PROGRAM_ID: 001 
        CURR: A16
        START: A16 
        END: A16
R1: PART IS PASSING
QUEUE AFTER PASS ID: 3007260016 PROGRAM_ID: 081 
        CURR: A16
        START: A16 
        END: BNone
COORDINATOR AFTER PASS ID: 3007260016 PROGRAM_ID: 081 
                CURR: A16
                START: A16 
                END: BNone
R1: START CYCLE
R1: NEXT PART IS: 3007260017 DIST: 0
R1: ENTRO UNA PIEZA EN WAITING OR OVERDUE
COORDINATOR AFTER PASS ID: 3007260017 PROGRAM_ID: 001 
                CURR: A17
                START: A17 
                END: A17
QUEUE BEFORE PASS ID: 3007260017 PROGRAM_ID: 001 
        CURR: A17
        START: A17 
        END: A17
R1: PART IS PASSING
QUEUE AFTER PASS ID: 3007260017 PROGRAM_ID: 081 
        CURR: A17
        START: A17 
        END: BNone
COORDINATOR AFTER PASS ID: 3007260017 PROGRAM_ID: 081 
                CURR: A17
                START: A17 
                END: BNone
